// Jest Snapshot v1, https://goo.gl/fbAQLP

exports[`Row Snapshot Test should render with td 1`] = `
<tr
  className="sc-bdfBQB bGyyoG"
>
  <td>
    Table Cell Data
  </td>
</tr>
`;
